Building target: Embedded_Exercise_normal.elf
Invoking: ARM v7 gcc linker
arm-none-eabi-gcc -mcpu=cortex-a9 -mfpu=vfpv3 -mfloat-abi=hard -Wl,-build-id=none -specs=Xilinx.spec -Wl,-T -Wl,../src/lscript.ld -L../../Embedded_Exercise_bsp/ps7_cortexa9_0/lib -o "Embedded_Exercise_normal.elf"  ./src/Interrupt_setup.o ./src/Pixel.o ./src/blinker.o ./src/main.o ./src/platform.o   -Wl,--start-group,-lxil,-lgcc,-lc,--end-group
Finished building target: Embedded_Exercise_normal.elf
 
Invoking: ARM v7 Print Size
arm-none-eabi-size Embedded_Exercise_normal.elf  |tee "Embedded_Exercise_normal.elf.size"
   text	   data	    bss	    dec	    hex	filename
  32572	   2828	  22856	  58256	   e390	Embedded_Exercise_normal.elf
Finished building: Embedded_Exercise_normal.elf.size
 
11:51:57 **** Incremental Build of configuration Release for project Embedded_Exercise_normal ****
make pre-build main-build 
a9-linaro-pre-build-step
 
make: Kohteelle "main-build" ei tarvitse tehd‰ mit‰‰n.
